Godot Engine v4.7.1.stable.official.a13da4feb - https://godotengine.org
WARNING: Could not set V-Sync mode, as changing V-Sync mode is not supported by the graphics driver.
     at: set_use_vsync (platform/linuxbsd/x11/gl_manager_x11.cpp:372)
OpenGL API 4.5 (Core Profile) Mesa 25.2.8-0ubuntu0.24.04.2 - Compatibility - Using Device: Mesa - llvmpipe (LLVM 20.1.2, 256 bits)
ALSA lib confmisc.c:855:(parse_card) cannot find card '0'
ALSA lib conf.c:5208:(_snd_config_evaluate) function snd_func_card_inum returned error: No such file or directory
ALSA lib confmisc.c:422:(snd_func_concat) error evaluating strings
ALSA lib conf.c:5208:(_snd_config_evaluate) function snd_func_concat returned error: No such file or directory
ALSA lib confmisc.c:1342:(snd_func_refer) error evaluating name
ALSA lib conf.c:5208:(_snd_config_evaluate) function snd_func_refer returned error: No such file or directory
ALSA lib conf.c:5731:(snd_config_expand) Evaluate error: No such file or directory
ALSA lib pcm.c:2721:(snd_pcm_open_noupdate) Unknown PCM default
ERROR: Condition "status < 0" is true. Returning: ERR_CANT_OPEN
   at: init_output_device (drivers/alsa/audio_driver_alsa.cpp:97)
WARNING: All audio drivers failed, falling back to the dummy driver.
     at: initialize (servers/audio/audio_server.cpp:258)

SPRINT01_REPRODUCTION_BOOT=YES
GODOT_VERSION=4.7.1-stable (official)
SCENE=res://scenes/learning/sprint01/Sprint01Reproduction.tscn
ASSET_PATHS=res://assets/golden_scene/vehicles/mbt_abrams.glb;res://assets/golden_scene/vehicles/ifv.glb
ASSET_PRECHECK=PASS|PATH=res://assets/golden_scene/vehicles/mbt_abrams.glb|TYPE=PackedScene
ASSET_PRECHECK=PASS|PATH=res://assets/golden_scene/vehicles/ifv.glb|TYPE=PackedScene
REAL_ASSET_INSTANCE=PASS|ENTITY=BLUE_ABRAMS_01|PATH=res://assets/golden_scene/vehicles/mbt_abrams.glb
REAL_ASSET_INSTANCE=PASS|ENTITY=RED_IFV_01|PATH=res://assets/golden_scene/vehicles/ifv.glb
REUSED=Godot_4.7.1_toolchain;audited_real_asset_blobs;generic_capture_infrastructure
NEWLY_IMPLEMENTED=isolated_player_input;command_state;movement;contact;authoritative_combat;causal_3D_feedback;outcome
TESTED_EDGE=WAITING_FOR_PLAYER_INPUT
PLAYER_READY=YES|SELECT_KEY=1|COMMAND_KEY=M
INPUT_EVENT=KEY_1|CALLBACK=_unhandled_input|PRESSED=YES
SELECTED_ENTITY=BLUE_ABRAMS_01
SELECTION_STATE_BEFORE=NONE
SELECTION_STATE_AFTER=BLUE_ABRAMS_01
INPUT_EVENT=KEY_M|CALLBACK=_unhandled_input|PRESSED=YES
COMMAND=ATTACK_MOVE
COMMAND_TARGET=(8.000,0.180,-2.000)
COMMAND_STATE_BEFORE=WAITING_COMMAND
COMMAND_STATE_AFTER=MOVING
START_POSITION=(-18.000,0.180,-2.000)
COMMAND_TARGET_POSITION=(8.000,0.180,-2.000)
MOVEMENT_STARTED=YES|FROM=(-18.000,0.180,-2.000)
MOVEMENT_COMPLETED_OR_CONTACT=CONTACT
END_POSITION=(3.582,0.180,-2.000)
CONTACT=RED_IFV_01|RANGE=10.42
TARGET=RED_IFV_01
TARGET=RED_IFV_01
FIRE_EVENT=SHOT_01
AMMO_BEFORE=4
AMMO_AFTER=3
HP_BEFORE=100
HP_AFTER=75
VISIBLE_FEEDBACK_EVENT=SHOT_01|MUZZLE=YES|TRACER=YES|IMPACT=YES|CAUSED_BY=FIRE_EVENT
DEATH_OR_SURVIVAL_OUTCOME=SURVIVED|HP=75
TARGET=RED_IFV_01
FIRE_EVENT=SHOT_02
AMMO_BEFORE=3
AMMO_AFTER=2
HP_BEFORE=75
HP_AFTER=50
VISIBLE_FEEDBACK_EVENT=SHOT_02|MUZZLE=YES|TRACER=YES|IMPACT=YES|CAUSED_BY=FIRE_EVENT
DEATH_OR_SURVIVAL_OUTCOME=SURVIVED|HP=50
TARGET=RED_IFV_01
FIRE_EVENT=SHOT_03
AMMO_BEFORE=2
AMMO_AFTER=1
HP_BEFORE=50
HP_AFTER=25
VISIBLE_FEEDBACK_EVENT=SHOT_03|MUZZLE=YES|TRACER=YES|IMPACT=YES|CAUSED_BY=FIRE_EVENT
DEATH_OR_SURVIVAL_OUTCOME=SURVIVED|HP=25
TARGET=RED_IFV_01
FIRE_EVENT=SHOT_04
AMMO_BEFORE=1
AMMO_AFTER=0
HP_BEFORE=25
HP_AFTER=0
VISIBLE_FEEDBACK_EVENT=SHOT_04|MUZZLE=YES|TRACER=YES|IMPACT=YES|CAUSED_BY=FIRE_EVENT
VISIBLE_FEEDBACK_EVENT=DEATH|WRECK_MATERIAL=YES|TILT=YES|SMOKE=YES|WORLD_LABEL=YES
DEATH_OR_SURVIVAL_OUTCOME=DESTROYED
OUTCOME=TARGET_DESTROYED
PLAYER_INPUT=PASS|EVENTS=2
COMMAND_ROUTE=PASS
MOVEMENT=PASS|DELTA=21.58
CONTACT=PASS
COMBAT=PASS|SHOTS=4|AMMO=0|TARGET_HP=0
VISIBLE_FEEDBACK=PASS|EVENTS=4
OUTCOME=PASS|TARGET_DESTROYED
TESTED_EDGE=PLAYER_INPUT->COMMAND->MOVEMENT->CONTACT->COMBAT->VISIBLE_FEEDBACK->OUTCOME
FAILED_EDGE=NONE
UNKNOWN=NONE
PLAYER_CHAIN_PASS=YES
