Godot Engine v4.7.1.stable.official.a13da4feb - https://godotengine.org
Vulkan 1.4.323 - Forward+ - Using Device #0: Intel - Intel(R) UHD Graphics

SOURCE_GRASS_INSTANCES grass_bermuda_01_3 26901
SOURCE_GRASS_INSTANCES grass_bermuda_01_5 26694
SOURCE_GRASS_INSTANCES grass_bermuda_01_7 26850
SOURCE_GRASS_INSTANCES grass_medium_01_0 6245
SOURCE_GRASS_INSTANCES grass_medium_01_3 6131
SOURCE_GRASS_INSTANCES grass_medium_01_5 6199
FRONTLINE_RIVER_TOWN_READY renderer=forward_plus adapter=Intel(R) UHD Graphics
FRONTLINE_GATE_B_NAV_READY cells=40000 vehicle_blocked=0 source=core_navigation_service
FRONTLINE_GATE_B_ARMORED_UNIT_READY role=TANK hp=280 speed=85 sim=(275.0, 320.0) world=(2.5, 0.030538, 7.0)
GATE_B_SNAP gate_b_before_order
GATE_B_EVIDENCE_BEFORE frame=50 pos=(2.5, 0.030538, 7.0) sim=(275.0, 320.0) order=HOLD selected=false
FRONTLINE_GATE_B_ORDER_ISSUED sim_from=(275.0, 320.0) sim_to=(300.0, 240.0) accepted=true
GATE_B_EVIDENCE_ORDER_ISSUED frame=50 target=(5.0, 0.0, -1.0)
GATE_B_SNAP gate_b_mid_move_1
GATE_B_EVIDENCE_MID frame=52 pos=(5.125, -0.007794, -0.875) progress=0.99
GATE_B_SNAP gate_b_mid_move_2
GATE_B_EVIDENCE_MID frame=53 pos=(5.125, -0.007794, -0.875) progress=0.99
GATE_B_SNAP gate_b_arrived
GATE_B_EVIDENCE_ARRIVED frame=54 pos=(5.125, -0.007794, -0.875) order=HOLD selected=true
GATE_B_EVIDENCE_COMPLETE before=(2.5, 0.030538, 7.0) arrived=(5.125, -0.007794, -0.875)
WARNING: 7 RIDs of type "Texture" were leaked.
   at: finalize (servers/rendering/rendering_device.cpp:8900)
